MPLINK 5.09, LINKER
Linker Map File - Created Thu Nov 12 21:39:12 2020

                                 Section Info
                  Section       Type    Address   Location Size(Bytes)
                ---------  ---------  ---------  ---------  ---------
                   .org_0       code   0x000000    program   0x00003e
                   .cinit    romdata   0x00001f    program   0x000004
.config_2007_BUILD/DEFAULT/PRODUCTION/LAB4B.O       code   0x002007    program   0x000002
.config_2008_BUILD/DEFAULT/PRODUCTION/LAB4B.O       code   0x002008    program   0x000002



                              Program Memory Usage 
                               Start         End      
                           ---------   ---------      
                            0x000000    0x000020      
                            0x002007    0x002008      
            35 out of 8455 program addresses used, program memory utilization is 0%



                              Symbols - Sorted by Name
                     Name    Address   Location    Storage File                     
                ---------  ---------  ---------  --------- ---------                
                    Delay   0x000016    program     static C:\Users\Leonardo Fusser\Documents\MPLAB X projects\Micro\Lab4\Lab4b.asm
                    Loop1   0x00001a    program     static C:\Users\Leonardo Fusser\Documents\MPLAB X projects\Micro\Lab4\Lab4b.asm
                    Loop2   0x000018    program     static C:\Users\Leonardo Fusser\Documents\MPLAB X projects\Micro\Lab4\Lab4b.asm
                     Main   0x000001    program     static C:\Users\Leonardo Fusser\Documents\MPLAB X projects\Micro\Lab4\Lab4b.asm
                    Start   0x00000b    program     static C:\Users\Leonardo Fusser\Documents\MPLAB X projects\Micro\Lab4\Lab4b.asm



                              Symbols - Sorted by Address
                     Name    Address   Location    Storage File                     
                ---------  ---------  ---------  --------- ---------                
                     Main   0x000001    program     static C:\Users\Leonardo Fusser\Documents\MPLAB X projects\Micro\Lab4\Lab4b.asm
                    Start   0x00000b    program     static C:\Users\Leonardo Fusser\Documents\MPLAB X projects\Micro\Lab4\Lab4b.asm
                    Delay   0x000016    program     static C:\Users\Leonardo Fusser\Documents\MPLAB X projects\Micro\Lab4\Lab4b.asm
                    Loop2   0x000018    program     static C:\Users\Leonardo Fusser\Documents\MPLAB X projects\Micro\Lab4\Lab4b.asm
                    Loop1   0x00001a    program     static C:\Users\Leonardo Fusser\Documents\MPLAB X projects\Micro\Lab4\Lab4b.asm


